Initial incidence matrix:
rows: 9
columns: 12
1 0 0 1 0 0 1 0 0 1 0 0 
1 0 0 0 1 0 0 1 0 0 1 0 
1 0 0 0 0 1 0 0 1 0 0 1 
0 1 0 1 0 0 0 0 1 0 1 0 
0 1 0 0 1 0 1 0 0 0 0 1 
0 1 0 0 0 1 0 1 0 1 0 0 
0 0 1 1 0 0 0 1 0 0 0 1 
0 0 1 0 1 0 0 0 1 1 0 0 
0 0 1 0 0 1 1 0 0 0 1 0 
====================
method 1 (by definition):
IS VALID
====================
====================
method 2 (by Theorem 1.13):
resulting matrix:
rows: 9
columns: 9
4 1 1 1 1 1 1 1 1 
1 4 1 1 1 1 1 1 1 
1 1 4 1 1 1 1 1 1 
1 1 1 4 1 1 1 1 1 
1 1 1 1 4 1 1 1 1 
1 1 1 1 1 4 1 1 1 
1 1 1 1 1 1 4 1 1 
1 1 1 1 1 1 1 4 1 
1 1 1 1 1 1 1 1 4 
IS VALID
====================
